[2026-07-18 12:14:39 UTC] capacity gpu_1x_h100_sxm5: ['us-south-2']
[2026-07-18 12:14:43 UTC] LAUNCHED 6fdbcbdabe9341c6a5fa41d60f250364 (gpu_1x_h100_sxm5 in us-south-2)
[2026-07-18 12:18:39 UTC] active @ 192.222.52.140
[2026-07-18 12:18:42 UTC] ssh up
[2026-07-18 12:19:07 UTC] bootstrap starting (~15-25 min)
[2026-07-18 12:23:04 UTC] bootstrap rc=0; log: C:\Users\jaber\RightNow-Full\inkling\journal\remote\b200_first_contact_20260718_1222.log

[decode_b32_global_kv8k] total 109.5 us/iter
         98.9 us   90.4%  kernel_cutlass_kernel_vllmthird_partytml_fa4flash_fwd_sm90FlashAttentionForwardSm90_object
          6.8 us    6.2%  kernel_cutlass_kernel_vllmthird_partytml_fa4shearing_biasShearingBias_object_at__tensorptr
          2.1 us    1.9%  kernel_cutlass_kernel_vllmthird_partytml_fa4cu_blocks_kernelsCuSeqlensToBlocksKernel_objec
          1.7 us    1.5%  kernel_cutlass_kernel_vllmthird_partytml_fa4cu_blocks_kernelsCuBlocksToBatchKernel_object_

[decode_b32_global_kv64k] total 747.1 us/iter
        736.6 us   98.6%  kernel_cutlass_kernel_vllmthird_partytml_fa4flash_fwd_sm90FlashAttentionForwardSm90_object
          6.7 us    0.9%  kernel_cutlass_kernel_vllmthird_partytml_fa4shearing_biasShearingBias_object_at__tensorptr
          2.2 us    0.3%  kernel_cutlass_kernel_vllmthird_partytml_fa4cu_blocks_kernelsCuSeqlensToBlocksKernel_objec
          1.7 us    0.2%  kernel_cutlass_kernel_vllmthird_partytml_fa4cu_blocks_kernelsCuBlocksToBatchKernel_object_

[decode_b1_global_kv64k] total 739.6 us/iter
        735.6 us   99.5%  kernel_cutlass_kernel_vllmthird_partytml_fa4flash_fwd_sm90FlashAttentionForwardSm90_object
          4.0 us    0.5%  kernel_cutlass_kernel_vllmthird_partytml_fa4shearing_biasShearingBias_object_at__tensorptr

[gate_select_T1] total 4.3 us/iter
          4.3 us  100.0%  _inkling_gate_select_kernel

[gate_select_T4096] total 22.2 us/iter
         22.2 us  100.0%  _inkling_gate_select_kernel

saved: /home/ubuntu/microbench_attn_day0.json
=== BOOTSTRAP COMPLETE ===
[2026-07-18 12:23:08 UTC] TERMINATED 6fdbcbdabe9341c6a5fa41d60f250364
[2026-07-18 12:23:08 UTC] session: 0.14h ~= $0.61 (gpu_1x_h100_sxm5)
