[2026-07-18 12:29:38 UTC] capacity gpu_1x_h100_sxm5: ['us-south-2']
[2026-07-18 12:29:42 UTC] LAUNCHED 4f833a72df17486c988be427c47f6fba (gpu_1x_h100_sxm5 in us-south-2)
[2026-07-18 12:32:35 UTC] active @ 192.222.52.126
[2026-07-18 12:32:38 UTC] ssh up
[2026-07-18 12:33:08 UTC] bootstrap starting (~15-25 min)
[2026-07-18 12:37:24 UTC] bootstrap rc=0; log: C:\Users\jaber\RightNow-Full\inkling\journal\remote\b200_first_contact_20260718_1237.log
device: NVIDIA H100 80GB HBM3, capability (9, 0)

[prefill_global_8k] total 5372.0 us/iter
       5372.0 us  100.0%  kernel_cutlass_kernel_vllmvllm_flash_attncuteflash_fwd_sm90FlashAttentionForwardSm90_objec

[prefill_swa_8k] total 948.9 us/iter
        948.9 us  100.0%  kernel_cutlass_kernel_vllmvllm_flash_attncuteflash_fwd_sm90FlashAttentionForwardSm90_objec

[decode_b32_global_kv8k] total 324.7 us/iter
        324.7 us  100.0%  kernel_cutlass_kernel_vllmvllm_flash_attncuteflash_fwd_sm90FlashAttentionForwardSm90_objec

[decode_b32_global_kv64k] total 2435.7 us/iter
       2435.7 us  100.0%  kernel_cutlass_kernel_vllmvllm_flash_attncuteflash_fwd_sm90FlashAttentionForwardSm90_objec

[decode_b1_global_kv64k] total 2374.9 us/iter
       2374.9 us  100.0%  kernel_cutlass_kernel_vllmvllm_flash_attncuteflash_fwd_sm90FlashAttentionForwardSm90_objec

[decode_b1_plain_kv64k] total 742.7 us/iter
        742.7 us  100.0%  kernel_cutlass_kernel_vllmvllm_flash_attncuteflash_fwd_sm90FlashAttentionForwardSm90_objec

[decode_b32_plain_kv64k] total 743.2 us/iter
        743.2 us  100.0%  kernel_cutlass_kernel_vllmvllm_flash_attncuteflash_fwd_sm90FlashAttentionForwardSm90_objec

saved: /home/ubuntu/microbench_attn_scoremod.json
=== BOOTSTRAP COMPLETE ===
[2026-07-18 12:37:28 UTC] TERMINATED 4f833a72df17486c988be427c47f6fba
[2026-07-18 12:37:28 UTC] session: 0.13h ~= $0.56 (gpu_1x_h100_sxm5)
